// Jest Snapshot v1, https://goo.gl/fbAQLP

exports[`Task Multiple Tasks UI tasks should run consecutively 1`] = `
"- Initial static text
[2m   â†’ Initial static subtext[22m
[36mâ ‹[39m Rendered text: task 1
[2m   â†’ Rendered text: task 1[22m
[32mâœ”[39m Rendered text: task 1
[2m   â†’ Rendered text: task 1[22m
- Initial static text
[2m   â†’ Initial static subtext[22m
[36mâ ‹[39m Rendered text: task 2
[2m   â†’ Rendered text: task 2[22m
[32mâœ”[39m Rendered text: task 2
[2m   â†’ Rendered text: task 2[22m
"
`;

exports[`Task UI no steps task should only render function initial UI 1`] = `
"- Initial static text
[2m   â†’ Initial static text[22m
[32mâœ”[39m Initial static text
[2m   â†’ Initial static text[22m
"
`;

exports[`Task UI no steps task should only render function initial UI with params 1`] = `
"- Rendered text: should render this param
[2m   â†’ Rendered text: should render this param[22m
[32mâœ”[39m Rendered text: should render this param
[2m   â†’ Rendered text: should render this param[22m
"
`;

exports[`Task UI no steps task should only render static initial UI 1`] = `
"- Initial static text
[2m   â†’ Initial static subtext[22m
[32mâœ”[39m Initial static text
[2m   â†’ Initial static subtext[22m
"
`;

exports[`Task UI with steps task should not update UI if not explicitly called 1`] = `
"- Initial static text
[2m   â†’ Initial static subtext[22m
[32mâœ”[39m Initial static text
[2m   â†’ Initial static subtext[22m
"
`;

exports[`Task UI with steps task should update UI if complete is called with another UI 1`] = `
"- Initial static text
[2m   â†’ Initial static subtext[22m
[32mâœ”[39m Rendered text: should render this param
[2m   â†’ Rendered text: should render this param[22m
"
`;

exports[`Task UI with steps task should update UI if fail is called with another UI 1`] = `
"- Initial static text
[2m   â†’ Initial static subtext[22m
[31mâœ–[39m Rendered text: should render this param
[2m   â†’ Rendered text: should render this param[22m
"
`;

exports[`Task UI with steps task should update UI if render is called in a step 1`] = `
"- Initial static text
[2m   â†’ Initial static subtext[22m
[36mâ ‹[39m Rendered text: should render this param
[2m   â†’ Rendered text: should render this param[22m
[32mâœ”[39m Rendered text: should render this param
[2m   â†’ Rendered text: should render this param[22m
"
`;

exports[`Task UI with steps task should update UI if skip is called with another UI 1`] = `
"- Initial static text
[2m   â†’ Initial static subtext[22m
[34mâ„¹[39m Rendered text: should render this param
[2m   â†’ Rendered text: should render this param[22m
"
`;

exports[`Task UI with steps task should update UI with step's returned value 1`] = `
"- Initial static text
[2m   â†’ Initial static subtext[22m
[36mâ ‹[39m step 1 UI output
[36mâ ™[39m step 2 UI output
[32mâœ”[39m step 2 UI output
"
`;

exports[`Task UI with steps task should update UI with transitionTo 1`] = `
"- Initial static text
[2m   â†’ Initial static subtext[22m
[36mâ ‹[39m Rendered text: should render this param
[2m   â†’ Rendered text: should render this param[22m
[36mâ ™[39m Another rendered text: should render this another param
[2m   â†’ Another rendered text: should render this another param[22m
[36mâ ¹[39m Another rendered text: should render this another param 2
[2m   â†’ Another rendered text: should render this another param 2[22m
[32mâœ”[39m Another rendered text: should render this another param 2
[2m   â†’ Another rendered text: should render this another param 2[22m
"
`;
